// Jest Snapshot v1, https://goo.gl/fbAQLP

exports[`Input render matches snapshot 1`] = `
<StyledComponent
  forwardedComponent={
    Object {
      "$$typeof": Symbol(react.forward_ref),
      "attrs": Array [],
      "componentStyle": ComponentStyle {
        "componentId": "Input-sc-4g0udv-0",
        "isStatic": false,
        "rules": Array [
          "display:flex;flex:0 1 auto;box-sizing:border-box;background:#f9f9fd url(",
          [Function],
          ") no-repeat center right 10px;border-radius:3px;border:solid 1px #dcdce7;box-shadow:0;color:#2e2e34;font-size:14px;height:39px;line-height:19px;padding:",
          [Function],
          ";text-overflow:ellipsis;width:100%;transition:background-color 0.2s ease-in-out,border-color 0.2s ease-in-out;:hover{background-color:#f0f0f7;border:solid 1px #dcdce7;}:focus{border:solid 1px #6124e2;background-color:white;outline:none;}:disabled{background-color:#f9f9fd;color:#8e929b;cursor:not-allowed;}",
        ],
      },
      "displayName": "Input",
      "foldedComponentIds": Array [],
      "render": [Function],
      "styledComponentId": "Input-sc-4g0udv-0",
      "target": "input",
      "toString": [Function],
      "warnTooManyClasses": [Function],
      "withComponent": [Function],
    }
  }
  forwardedRef={null}
/>
`;
