// Jest Snapshot v1, https://goo.gl/fbAQLP

exports[`DatePicker render matches snapshot 1`] = `
<AnalyticsContext
  data={
    Object {
      "componentName": "datePicker",
      "packageName": "@atlaskit/datetime-picker",
      "packageVersion": "6.3.9",
    }
  }
>
  <ForwardRef />
</AnalyticsContext>
`;
