// Jest Snapshot v1, https://goo.gl/fbAQLP

exports[`Search snapshots should match snapshot 1`] = `
<CardStack>
  <Card>
    <CardSegment
      vertical={true}
    >
      <form>
        <StyledSearchComponents__InputGrid
          align="flex-start"
          columns={4}
        >
          <div
            key="luk-search-key-firstname"
          >
            <Label
              htmlFor="luk-search-firstname"
            >
              First Name
            </Label>
            <Input
              id="luk-search-firstname"
              name="firstname"
              onChange={[Function]}
              value=""
            />
          </div>
          <div
            key="luk-search-key-lastname"
          >
            <Label
              htmlFor="luk-search-lastname"
            >
              Last Name
            </Label>
            <Input
              id="luk-search-lastname"
              name="lastname"
              onChange={[Function]}
              value=""
            />
          </div>
          <div
            key="luk-search-key-dob"
          >
            <Label
              htmlFor="luk-search-dob"
            >
              Date of Birth
            </Label>
            <DatePicker
              disabled={false}
              format="MM/dd/yyyy"
              id="luk-search-dob"
              mask="__/__/____"
              name="dob"
              onChange={[Function]}
              placeholder="MM/DD/YYYY"
              value=""
            />
          </div>
          <div>
            <Label
              stealth={true}
            >
              Submit
            </Label>
            <Button
              disabled={false}
              fontColor=""
              fullWidth={true}
              isLoading={false}
              mode="primary"
              onClick={[Function]}
              type="submit"
            >
              Search
            </Button>
          </div>
        </StyledSearchComponents__InputGrid>
      </form>
    </CardSegment>
  </Card>
  <SearchResults
    hasSearched={false}
    isLoading={false}
    noResults={[Function]}
    resultComponent={[Function]}
    results={Immutable.List []}
  />
</CardStack>
`;
