// Jest Snapshot v1, https://goo.gl/fbAQLP

exports[`Search snapshots should match snapshot 1`] = `
<CardStack>
  <Card>
    <CardSegment
      vertical={true}
    >
      <form>
        <StyledSearchComponents__InputGrid
          align="flex-end"
          columns={4}
        >
          <div
            key="luk-search-key-firstname"
          >
            <Label
              htmlFor="luk-search-firstname"
            >
              First Name
            </Label>
            <Input
              id="luk-search-firstname"
              name="firstname"
              onChange={[Function]}
              value=""
            />
          </div>
          <div
            key="luk-search-key-lastname"
          >
            <Label
              htmlFor="luk-search-lastname"
            >
              Last Name
            </Label>
            <Input
              id="luk-search-lastname"
              name="lastname"
              onChange={[Function]}
              value=""
            />
          </div>
          <div
            key="luk-search-key-dob"
          >
            <Label
              htmlFor="luk-search-dob"
            >
              Date of Birth
            </Label>
            <WithAnalyticsContext(WithAnalyticsEvents(DatePicker))
              dateFormat="MM/DD/YYYY"
              id="luk-search-dob"
              name="dob"
              onChange={[Function]}
              placeholder="MM/DD/YYYY"
              selectProps={
                Object {
                  "styles": Object {
                    "clearIndicator": [Function],
                    "container": [Function],
                    "control": [Function],
                    "dropdownIndicator": [Function],
                    "indicatorSeparator": [Function],
                    "indicatorsContainer": [Function],
                    "menu": [Function],
                    "menuPortal": [Function],
                    "option": [Function],
                    "singleValue": [Function],
                  },
                }
              }
              value=""
            />
          </div>
          <Button
            disabled={false}
            isLoading={false}
            mode="primary"
            onClick={[Function]}
            type="submit"
          >
            Search
          </Button>
        </StyledSearchComponents__InputGrid>
      </form>
    </CardSegment>
  </Card>
  <SearchResults
    hasSearched={false}
    isLoading={false}
    noResults={[Function]}
    resultComponent={[Function]}
    results={Immutable.List []}
  />
</CardStack>
`;
