// Jest Snapshot v1, https://goo.gl/fbAQLP

exports[`Checkbox render matches snapshot 1`] = `
.c2 {
  background-color: #e6e6f7;
  border-radius: 3px;
  height: 20px;
  left: 0;
  position: absolute;
  -webkit-transition: background-color 100ms ease-in-out,box-shadow 100ms ease-in-out;
  transition: background-color 100ms ease-in-out,box-shadow 100ms ease-in-out;
  width: 20px;
}

input:hover ~ .c2 {
  background-color: #8e929b;
}

input:focus-visible ~ .c2 {
  box-shadow: #410ab5 0 0 0 2px;
}

input:checked ~ .c2,
input[readonly]:checked:disabled ~ .c2,
input[readonly]:checked:hover ~ .c2 {
  background-color: #8045ff;
}

input:checked:hover ~ .c2 {
  background-color: #6124e2;
}

input:disabled ~ .c2 {
  background-color: #e6e6f7;
  cursor: not-allowed;
}

input:checked:disabled ~ .c2 {
  cursor: not-allowed;
  background-color: #b6bbc7;
}

input[readonly] ~ .c2 {
  cursor: default;
  pointer-events: none;
}

input:not(:checked) ~ .c2:after,
input:checked ~ .c2:after {
  content: '';
  border: solid #ffffff;
  border-width: 0 2px 2px 0;
  box-sizing: border-box;
  height: 10px;
  left: 8px;
  position: absolute;
  top: 4px;
  width: 5px;
  -webkit-transform: rotate(45deg) scale(1);
  -ms-transform: rotate(45deg) scale(1);
  transform: rotate(45deg) scale(1);
  -webkit-transition: -webkit-transform 200ms ease-in-out,opacity 200ms ease-in-out;
  -webkit-transition: transform 200ms ease-in-out,opacity 200ms ease-in-out;
  transition: transform 200ms ease-in-out,opacity 200ms ease-in-out;
}

input:not(:checked) ~ .c2:after {
  opacity: 0;
  -webkit-transform: rotate(45deg) scale(0);
  -ms-transform: rotate(45deg) scale(0);
  transform: rotate(45deg) scale(0);
}

input:checked ~ .c2:after {
  opacity: 1;
  -webkit-transform: rotate(45deg) scale(1);
  -ms-transform: rotate(45deg) scale(1);
  transform: rotate(45deg) scale(1);
}

.c0 {
  -webkit-align-items: center;
  -webkit-box-align: center;
  -ms-flex-align: center;
  align-items: center;
  color: #555e6f;
  display: -webkit-inline-box;
  display: -webkit-inline-flex;
  display: -ms-inline-flexbox;
  display: inline-flex;
  margin: 10px 0;
  min-height: 20px;
  padding-left: 30px;
  pointer-events: auto;
  position: relative;
}

.c1 {
  position: absolute;
  z-index: -1;
  opacity: 0;
  vertical-align: middle;
}

<Checkbox
  disabled={false}
>
  <ChoiceLabel
    disabled={false}
  >
    <StyledComponent
      disabled={false}
      forwardedComponent={
        Object {
          "$$typeof": Symbol(react.forward_ref),
          "attrs": Array [],
          "componentStyle": ComponentStyle {
            "componentId": "ChoiceLabel-sc-11kob9e-0",
            "isStatic": false,
            "lastClassName": "c0",
            "rules": Array [
              "align-items:center;color:",
              [Function],
              ";display:inline-flex;margin:10px 0;min-height:20px;padding-left:30px;pointer-events:",
              [Function],
              ";position:relative;",
            ],
          },
          "displayName": "ChoiceLabel",
          "foldedComponentIds": Array [],
          "render": [Function],
          "styledComponentId": "ChoiceLabel-sc-11kob9e-0",
          "target": "label",
          "toString": [Function],
          "warnTooManyClasses": [Function],
          "withComponent": [Function],
        }
      }
      forwardedRef={null}
    >
      <label
        className="c0"
        disabled={false}
      >
        <ChoiceInputs__CheckboxInput>
          <StyledComponent
            forwardedComponent={
              Object {
                "$$typeof": Symbol(react.forward_ref),
                "attrs": Array [
                  [Function],
                ],
                "componentStyle": ComponentStyle {
                  "componentId": "ChoiceInputs__CheckboxInput-sc-1fkg6yx-1",
                  "isStatic": false,
                  "lastClassName": "c1",
                  "rules": Array [
                    "position:absolute;z-index:-1;opacity:0;vertical-align:middle;",
                    ";",
                  ],
                },
                "displayName": "ChoiceInputs__CheckboxInput",
                "foldedComponentIds": Array [],
                "render": [Function],
                "styledComponentId": "ChoiceInputs__CheckboxInput-sc-1fkg6yx-1",
                "target": "input",
                "toString": [Function],
                "warnTooManyClasses": [Function],
                "withComponent": [Function],
              }
            }
            forwardedRef={null}
          >
            <input
              className="c1"
              type="checkbox"
            />
          </StyledComponent>
        </ChoiceInputs__CheckboxInput>
        <CheckboxIndicator>
          <StyledComponent
            forwardedComponent={
              Object {
                "$$typeof": Symbol(react.forward_ref),
                "attrs": Array [],
                "componentStyle": ComponentStyle {
                  "componentId": "CheckboxIndicator-sc-16t4mhx-0",
                  "isStatic": true,
                  "lastClassName": "c2",
                  "rules": Array [
                    "background-color:",
                    "#e6e6f7",
                    ";border-radius:3px;height:20px;left:0;position:absolute;transition:background-color ",
                    "100ms",
                    " ease-in-out,box-shadow ",
                    "100ms",
                    " ease-in-out;width:20px;",
                    "input:hover ~ &{background-color:",
                    "#8e929b",
                    ";}input:focus-visible ~ &{box-shadow:",
                    "#410ab5",
                    " 0 0 0 2px;}input:checked ~ &,input[readonly]:checked:disabled ~ &,input[readonly]:checked:hover ~ &{background-color:",
                    "#8045ff",
                    ";}input:checked:hover ~ &{background-color:",
                    "#6124e2",
                    ";}input:disabled ~ &{background-color:",
                    "#e6e6f7",
                    ";cursor:not-allowed;}input:checked:disabled ~ &{cursor:not-allowed;background-color:",
                    "#b6bbc7",
                    ";}input[readonly] ~ &{cursor:default;pointer-events:none;}",
                    ";input:not(:checked) ~ &:after,input:checked ~ &:after{",
                    "content:'';border:solid ",
                    "#ffffff",
                    ";border-width:0 2px 2px 0;box-sizing:border-box;height:10px;left:8px;position:absolute;top:4px;width:5px;transform:rotate(45deg) scale(1);transition:transform ",
                    "200ms",
                    " ease-in-out,opacity ",
                    "200ms",
                    " ease-in-out;",
                    "}input:not(:checked) ~ &:after{opacity:0;transform:rotate(45deg) scale(0);}input:checked ~ &:after{opacity:1;transform:rotate(45deg) scale(1);}",
                  ],
                },
                "displayName": "CheckboxIndicator",
                "foldedComponentIds": Array [],
                "render": [Function],
                "styledComponentId": "CheckboxIndicator-sc-16t4mhx-0",
                "target": "div",
                "toString": [Function],
                "warnTooManyClasses": [Function],
                "withComponent": [Function],
              }
            }
            forwardedRef={null}
          >
            <div
              className="c2"
            />
          </StyledComponent>
        </CheckboxIndicator>
      </label>
    </StyledComponent>
  </ChoiceLabel>
</Checkbox>
`;
