// Jest Snapshot v1, https://goo.gl/fbAQLP

exports[`Checkbox render matches snapshot 1`] = `
.c5 {
  -webkit-transition: background-color 100ms ease-out,border-color 100ms ease-out,box-shadow 100ms ease-out,color 100ms ease-out;
  transition: background-color 100ms ease-out,border-color 100ms ease-out,box-shadow 100ms ease-out,color 100ms ease-out;
  background-color: #f2f2f4;
  border-radius: 3px;
  display: inline-block;
  height: 20px;
  width: 20px;
}

input:hover ~ .c4 {
  background-color: #c3c3c8;
}

input:focus-visible ~ .c4 {
  box-shadow: #6d49fe 0 0 0 2px;
}

input:checked ~ .c4,
input[readonly]:checked:disabled ~ .c5,
input[readonly]:checked:hover ~ .c5 {
  background-color: #6d49fe;
}

input:checked:hover ~ .c4 {
  background-color: #cac0ff;
}

input:disabled ~ .c4 {
  background-color: #f2f2f4;
  cursor: not-allowed;
}

input:checked:disabled ~ .c4 {
  cursor: not-allowed;
  background-color: #8b8b90;
}

input[readonly] ~ .c4 {
  cursor: default;
  pointer-events: none;
}

input:not(:checked) ~ .c4:after,
input:checked ~ .c5:after {
  border-color: white;
  border-style: solid;
  border-width: 0 2px 2px 0;
  box-sizing: border-box;
  content: '';
  height: 10px;
  left: 7px;
  position: absolute;
  top: 4px;
  -webkit-transform: rotate(45deg) scale(1);
  -ms-transform: rotate(45deg) scale(1);
  transform: rotate(45deg) scale(1);
  -webkit-transition: -webkit-transform 200ms ease-out,opacity 200ms ease-out;
  -webkit-transition: transform 200ms ease-out,opacity 200ms ease-out;
  transition: transform 200ms ease-out,opacity 200ms ease-out;
  width: 6px;
}

input:not(:checked) ~ .c4:after {
  opacity: 0;
  -webkit-transform: rotate(45deg) scale(0);
  -ms-transform: rotate(45deg) scale(0);
  transform: rotate(45deg) scale(0);
}

input:checked ~ .c4:after {
  opacity: 1;
  -webkit-transform: rotate(45deg) scale(1);
  -ms-transform: rotate(45deg) scale(1);
  transform: rotate(45deg) scale(1);
}

.c0 {
  -webkit-align-items: center;
  -webkit-box-align: center;
  -ms-flex-align: center;
  align-items: center;
  color: #1f1f22;
  display: -webkit-inline-box;
  display: -webkit-inline-flex;
  display: -ms-inline-flexbox;
  display: inline-flex;
  font-size: 14px;
  min-height: 40px;
  pointer-events: auto;
  position: relative;
  vertical-align: middle;
}

.c0:hover {
  cursor: pointer;
}

.c3 {
  height: 100%;
  left: 0;
  margin: 0;
  opacity: 0;
  position: absolute;
  top: 0;
  vertical-align: middle;
  width: 100%;
  z-index: -1;
}

.c1 {
  -webkit-align-items: stretch;
  -webkit-box-align: stretch;
  -ms-flex-align: stretch;
  align-items: stretch;
  display: -webkit-inline-box;
  display: -webkit-inline-flex;
  display: -ms-inline-flexbox;
  display: inline-flex;
  -webkit-box-pack: center;
  -webkit-justify-content: center;
  -ms-flex-pack: center;
  justify-content: center;
  position: relative;
  vertical-align: middle;
  word-break: break-word;
}

.c2 {
  display: -webkit-box;
  display: -webkit-flex;
  display: -ms-flexbox;
  display: flex;
  -webkit-flex: 1;
  -ms-flex: 1;
  flex: 1;
}

<ForwardRef>
  <Checkbox
    disabled={false}
    forwardedRef={null}
  >
    <styled.label
      disabled={false}
    >
      <label
        className="c0"
        disabled={false}
      >
        <styled.span>
          <span
            className="c1"
          >
            <styled.span>
              <span
                className="c2"
              >
                <styled.input>
                  <input
                    className="c3"
                    type="checkbox"
                  />
                </styled.input>
                <styled.span
                  onClick={[Function]}
                >
                  <span
                    className="c4 c5"
                    onClick={[Function]}
                  />
                </styled.span>
              </span>
            </styled.span>
          </span>
        </styled.span>
      </label>
    </styled.label>
  </Checkbox>
</ForwardRef>
`;
